// Jest Snapshot v1, https://goo.gl/fbAQLP

exports[`Home 1`] = `
<div>
  Homepage
</div>
`;
